// Jest Snapshot v1, https://goo.gl/fbAQLP

exports[`Testing App Component should render correctly 1`] = `
"<App>
  <div className=\\"App\\">
    <h1>
      Hello World
    </h1>
  </div>
</App>"
`;
